---
source: crates/pcb-zen-core/tests/component.rs
expression: output
---
Module {
    name: "<root>",
    source: "test.zen",
    children: [
        FrozenValue(
            Component {
                name: "test_comp",
                footprint: "test_footprint",
                prefix: "U",
                connections: {
                    "in": FrozenValue(
                        Net {
                            name: "in",
                            id: "<ID>",
                            symbol: FrozenValue(
                                NoneType,
                            ),
                        },
                    ),
                    "out": FrozenValue(
                        Net {
                            name: "out",
                            id: "<ID>",
                            symbol: FrozenValue(
                                NoneType,
                            ),
                        },
                    ),
                },
                properties: {
                    "symbol_name": FrozenValue(
                        "TestSymbol",
                    ),
                    "symbol_path": FrozenValue(
                        "/test_symbol.kicad_sym",
                    ),
                },
                symbol: FrozenValue(
                    Symbol {
                        name: Some(
                            "TestSymbol",
                        ),
                        pins: {
                            "1": "in",
                            "2": "out",
                            "3": "in",
                        },
                    },
                ),
            },
        ),
    ],
}
[]
