---
source: crates/pcb-zen-core/tests/component.rs
expression: output
---
Module {
    name: "<root>",
    source: "test.zen",
    children: [
        FrozenValue(
            Component {
                name: "I2C_Device",
                footprint: "SOIC-8",
                prefix: "U",
                connections: {
                    "GND": FrozenValue(
                        Net {
                            name: "GND",
                            id: "<ID>",
                            symbol: FrozenValue(
                                NoneType,
                            ),
                        },
                    ),
                    "SCL": FrozenValue(
                        Net {
                            name: "SCL",
                            id: "<ID>",
                            symbol: FrozenValue(
                                NoneType,
                            ),
                        },
                    ),
                    "SDA": FrozenValue(
                        Net {
                            name: "SDA",
                            id: "<ID>",
                            symbol: FrozenValue(
                                NoneType,
                            ),
                        },
                    ),
                    "VDD": FrozenValue(
                        Net {
                            name: "VDD",
                            id: "<ID>",
                            symbol: FrozenValue(
                                NoneType,
                            ),
                        },
                    ),
                },
                properties: {
                    "symbol_name": FrozenValue(
                        "I2C",
                    ),
                },
                symbol: FrozenValue(
                    Symbol {
                        name: Some(
                            "I2C",
                        ),
                        pins: {
                            "1": "SCL",
                            "2": "SDA",
                            "3": "VDD",
                            "4": "GND",
                        },
                    },
                ),
            },
        ),
    ],
}
[]
