---
source: crates/pcb-zen-core/tests/input.rs
expression: output
---
Module {
    name: "<root>",
    source: "test.zen",
    children: [
        FrozenValue(
            Component {
                name: "IC1",
                type: "asic",
                footprint: "QFN:48",
                prefix: "U",
                connections: {
                    "EN": FrozenValue(
                        Net {
                            name: "CHIP_CONTROL_EN",
                            id: "<ID>",
                            symbol: FrozenValue(
                                NoneType,
                            ),
                        },
                    ),
                    "RST": FrozenValue(
                        Net {
                            name: "CHIP_CONTROL_RST",
                            id: "<ID>",
                            symbol: FrozenValue(
                                NoneType,
                            ),
                        },
                    ),
                    "SIG": FrozenValue(
                        Net {
                            name: "CHIP_SIGNAL",
                            id: "<ID>",
                            symbol: FrozenValue(
                                NoneType,
                            ),
                        },
                    ),
                    "VDD": FrozenValue(
                        Net {
                            name: "CHIP_VDD",
                            id: "<ID>",
                            symbol: FrozenValue(
                                NoneType,
                            ),
                        },
                    ),
                    "VSS": FrozenValue(
                        Net {
                            name: "CHIP_VSS",
                            id: "<ID>",
                            symbol: FrozenValue(
                                NoneType,
                            ),
                        },
                    ),
                },
                symbol: FrozenValue(
                    Symbol {
                        name: None,
                        pins: {
                            "1": "VDD",
                            "2": "VSS",
                            "3": "SIG",
                            "4": "EN",
                            "5": "RST",
                        },
                    },
                ),
            },
        ),
    ],
}
[]
