---
source: crates/pcb-zen-core/tests/input.rs
expression: output
---
Module {
    name: "<root>",
    source: "test.zen",
    children: [
        FrozenValue(
            Component {
                name: "J1",
                type: "usb_connector",
                footprint: "USB:TYPE-C",
                prefix: "U",
                connections: {
                    "D+": FrozenValue(
                        Net {
                            name: "PORT1_D+",
                            id: "<ID>",
                            symbol: FrozenValue(
                                NoneType,
                            ),
                        },
                    ),
                    "D-": FrozenValue(
                        Net {
                            name: "PORT1_D-",
                            id: "<ID>",
                            symbol: FrozenValue(
                                NoneType,
                            ),
                        },
                    ),
                    "GND": FrozenValue(
                        Net {
                            name: "PORT1_POWER_GND",
                            id: "<ID>",
                            symbol: FrozenValue(
                                NoneType,
                            ),
                        },
                    ),
                    "VBUS": FrozenValue(
                        Net {
                            name: "PORT1_POWER_VCC",
                            id: "<ID>",
                            symbol: FrozenValue(
                                NoneType,
                            ),
                        },
                    ),
                },
                symbol: FrozenValue(
                    Symbol {
                        name: None,
                        pins: {
                            "1": "VBUS",
                            "2": "D+",
                            "3": "D-",
                            "4": "GND",
                        },
                    },
                ),
            },
        ),
    ],
}
[]
