---
source: crates/pcb-zen-core/tests/input.rs
expression: output
---
Module {
    name: "<root>",
    source: "test.zen",
    children: [
        FrozenValue(
            Component {
                name: "test_comp",
                footprint: "test_footprint",
                prefix: "U",
                connections: {
                    "in": FrozenValue(
                        Net {
                            name: "1",
                            id: "<ID>",
                            symbol: FrozenValue(
                                NoneType,
                            ),
                        },
                    ),
                    "out": FrozenValue(
                        Net {
                            name: "2",
                            id: "<ID>",
                            symbol: FrozenValue(
                                NoneType,
                            ),
                        },
                    ),
                },
                properties: {
                    "value": FrozenValue(
                        "",
                    ),
                },
                symbol: FrozenValue(
                    Symbol {
                        name: None,
                        pins: {
                            "1": "in",
                            "2": "out",
                        },
                    },
                ),
            },
        ),
    ],
}
[
    ParameterInfo {
        name: "value",
        type_info: String,
        required: true,
        default_value: None,
        help: None,
    },
]
