---
source: crates/pcb-zen-core/tests/input.rs
expression: output
---
Module {
    name: "<root>",
    source: "top.zen",
    children: [
        FrozenValue(
            Module {
                name: "test",
                source: "/Module.zen",
                properties: {
                    "converted_value": "FrozenValue(StarlarkFloat(10.0))",
                },
            },
        ),
    ],
}
[]
