---
source: crates/pcb-zen-core/tests/input.rs
expression: output
---
Module {
    name: "<root>",
    source: "top.zen",
    children: [
        FrozenValue(
            Module {
                name: "child",
                source: "/Module.zen",
                children: [
                    FrozenValue(
                        Component {
                            name: "comp0",
                            footprint: "TEST:0402",
                            prefix: "U",
                            connections: {
                                "V": FrozenValue(
                                    Net {
                                        name: "VCC",
                                        id: "<ID>",
                                        symbol: FrozenValue(
                                            NoneType,
                                        ),
                                    },
                                ),
                            },
                            symbol: FrozenValue(
                                Symbol {
                                    name: None,
                                    pins: {
                                        "1": "V",
                                    },
                                },
                            ),
                        },
                    ),
                ],
            },
        ),
    ],
}
[]
