---
source: crates/pcb-zen-core/tests/input.rs
expression: output
---
Module {
    name: "<root>",
    source: "test.zen",
    children: [
        FrozenValue(
            Component {
                name: "U1",
                type: "mcu",
                footprint: "QFN:32",
                prefix: "U",
                connections: {
                    "EN": FrozenValue(
                        Net {
                            name: "MCU_EN",
                            id: "<ID>",
                            symbol: FrozenValue(
                                NoneType,
                            ),
                        },
                    ),
                    "GND": FrozenValue(
                        Net {
                            name: "MCU_GND",
                            id: "<ID>",
                            symbol: FrozenValue(
                                NoneType,
                            ),
                        },
                    ),
                    "VCC": FrozenValue(
                        Net {
                            name: "MCU_3V3",
                            id: "<ID>",
                            symbol: FrozenValue(
                                NoneType,
                            ),
                        },
                    ),
                },
                symbol: FrozenValue(
                    Symbol {
                        name: None,
                        pins: {
                            "1": "VCC",
                            "2": "GND",
                            "3": "EN",
                        },
                    },
                ),
            },
        ),
        FrozenValue(
            Component {
                name: "U2",
                type: "sensor",
                footprint: "SOT:23-6",
                prefix: "U",
                connections: {
                    "ENABLE": FrozenValue(
                        Net {
                            name: "SENSOR_EN",
                            id: "<ID>",
                            symbol: FrozenValue(
                                NoneType,
                            ),
                        },
                    ),
                    "VDD": FrozenValue(
                        Net {
                            name: "SENSOR_3V3",
                            id: "<ID>",
                            symbol: FrozenValue(
                                NoneType,
                            ),
                        },
                    ),
                    "VSS": FrozenValue(
                        Net {
                            name: "SENSOR_GND",
                            id: "<ID>",
                            symbol: FrozenValue(
                                NoneType,
                            ),
                        },
                    ),
                },
                symbol: FrozenValue(
                    Symbol {
                        name: None,
                        pins: {
                            "1": "VDD",
                            "2": "VSS",
                            "3": "ENABLE",
                        },
                    },
                ),
            },
        ),
    ],
}
[]
