---
source: crates/pcb-zen-core/tests/interface.rs
expression: output
---
Template net: Net { name: "POWER", id: "<ID>", properties: {"symbol_name": Value("PowerSymbol")}, symbol: Value(Symbol { name: Some("PowerSymbol"), pins: {"1": "VCC", "2": "GND"} }) }
Instance power net: Net { name: "PWR_POWER", id: "<ID>", properties: {"symbol_name": Value("PowerSymbol")}, symbol: Value(Symbol { name: Some("PowerSymbol"), pins: {"1": "VCC", "2": "GND"} }) }
Instance ground net: Net { name: "PWR_GND", id: "<ID>", symbol: Value(NoneType) }
Module {
    name: "<root>",
    source: "test.zen",
}
[]
