---
source: crates/pcb-zen-core/tests/net.rs
expression: output
---
Net1: Net { name: "NET1", id: "<ID>", properties: {"symbol_name": Value("Symbol1")}, symbol: Value(Symbol { name: Some("Symbol1"), pins: {"1": "A"} }) }
Net2: Net { name: "NET2", id: "<ID>", properties: {"symbol_name": Value("Symbol1")}, symbol: Value(Symbol { name: Some("Symbol1"), pins: {"1": "A"} }) }
Module {
    name: "<root>",
    source: "test.zen",
}
[]
