---
source: crates/pcb-zen-core/tests/test.rs
expression: output
---
Module {
    name: "<root>",
    source: "test.zen",
    children: [
        FrozenValue(
            Component {
                name: "M123",
                mpn: "NB3N551DG",
                footprint: "SMD:0805",
                prefix: "U",
                connections: {
                    "GND": FrozenValue(
                        Net {
                            name: "GND",
                            id: "<ID>",
                            symbol: FrozenValue(
                                NoneType,
                            ),
                        },
                    ),
                    "ICLK": FrozenValue(
                        Net {
                            name: "ICLK",
                            id: "<ID>",
                            symbol: FrozenValue(
                                NoneType,
                            ),
                        },
                    ),
                    "OE": FrozenValue(
                        Net {
                            name: "OE",
                            id: "<ID>",
                            symbol: FrozenValue(
                                NoneType,
                            ),
                        },
                    ),
                    "Q1": FrozenValue(
                        Net {
                            name: "Q1",
                            id: "<ID>",
                            symbol: FrozenValue(
                                NoneType,
                            ),
                        },
                    ),
                    "Q2": FrozenValue(
                        Net {
                            name: "Q2",
                            id: "<ID>",
                            symbol: FrozenValue(
                                NoneType,
                            ),
                        },
                    ),
                    "Q3": FrozenValue(
                        Net {
                            name: "Q3",
                            id: "<ID>",
                            symbol: FrozenValue(
                                NoneType,
                            ),
                        },
                    ),
                    "Q4": FrozenValue(
                        Net {
                            name: "Q4",
                            id: "<ID>",
                            symbol: FrozenValue(
                                NoneType,
                            ),
                        },
                    ),
                    "VDD": FrozenValue(
                        Net {
                            name: "VDD",
                            id: "<ID>",
                            symbol: FrozenValue(
                                NoneType,
                            ),
                        },
                    ),
                },
                properties: {
                    "Datasheet": FrozenValue(
                        "https://lcsc.com/product-detail/Logic-ICs_ON_NB3N551DG_NB3N551DG_C146731.html",
                    ),
                    "Description": FrozenValue(
                        "",
                    ),
                    "Footprint": FrozenValue(
                        "C146731:SOIC-8_L4.9-W3.9-P1.27-LS6.0-BL",
                    ),
                    "LCSC Part": FrozenValue(
                        "C146731",
                    ),
                    "Reference": FrozenValue(
                        "U",
                    ),
                    "Value": FrozenValue(
                        "NB3N551DG",
                    ),
                    "symbol_path": FrozenValue(
                        "/C146731.kicad_sym",
                    ),
                },
                symbol: FrozenValue(
                    Symbol {
                        name: Some(
                            "NB3N551DG",
                        ),
                        pins: {
                            "1": "ICLK",
                            "2": "Q1",
                            "3": "Q2",
                            "4": "Q3",
                            "5": "Q4",
                            "6": "GND",
                            "7": "VDD",
                            "8": "OE",
                        },
                    },
                ),
            },
        ),
    ],
}
[]
