---
source: crates/pcb-zen-core/tests/test.rs
expression: output
---
Module {
    name: "<root>",
    source: "top.zen",
    children: [
        FrozenValue(
            Module {
                name: "Test",
                source: "/test.zen",
                children: [
                    FrozenValue(
                        Module {
                            name: "MyComponent",
                            source: "/MyComponent.zen",
                            children: [
                                FrozenValue(
                                    Component {
                                        name: "capacitor",
                                        type: "capacitor",
                                        footprint: "SMD:0805",
                                        prefix: "U",
                                        connections: {
                                            "P1": FrozenValue(
                                                Net {
                                                    name: "INTERFACE_P1",
                                                    id: "<ID>",
                                                    symbol: FrozenValue(
                                                        NoneType,
                                                    ),
                                                },
                                            ),
                                            "P2": FrozenValue(
                                                Net {
                                                    name: "INTERFACE_P2",
                                                    id: "<ID>",
                                                    symbol: FrozenValue(
                                                        NoneType,
                                                    ),
                                                },
                                            ),
                                        },
                                        symbol: FrozenValue(
                                            Symbol {
                                                name: None,
                                                pins: {
                                                    "1": "P1",
                                                    "2": "P2",
                                                },
                                            },
                                        ),
                                    },
                                ),
                            ],
                        },
                    ),
                ],
            },
        ),
    ],
}
[]
