---
source: crates/pcb-layout/tests/layout_generation.rs
expression: content
---
{
  "footprints": [
    {
      "dnp": false,
      "footprint": "Package_DFN_QFN:QFN-16-1EP_3x3mm_P0.5mm_EP1.7x1.7mm_ThermalVias",
      "graphical_items": [
        {
          "angle": null,
          "end": {
            "x": 146750000,
            "y": 101715000
          },
          "layer": "F.Courtyard",
          "position": {
            "x": 146370000,
            "y": 101715000
          },
          "shape": 0,
          "start": {
            "x": 146370000,
            "y": 101715000
          },
          "text": null,
          "type": "PCB_SHAPE",
          "width": 50000
        },
        {
          "angle": null,
          "end": {
            "x": 146370000,
            "y": 101715000
          },
          "layer": "F.Courtyard",
          "position": {
            "x": 146370000,
            "y": 103975000
          },
          "shape": 0,
          "start": {
            "x": 146370000,
            "y": 103975000
          },
          "text": null,
          "type": "PCB_SHAPE",
          "width": 50000
        },
        {
          "angle": null,
          "end": {
            "x": 147370000,
            "y": 101095000
          },
          "layer": "F.Courtyard",
          "position": {
            "x": 146750000,
            "y": 101095000
          },
          "shape": 0,
          "start": {
            "x": 146750000,
            "y": 101095000
          },
          "text": null,
          "type": "PCB_SHAPE",
          "width": 50000
        },
        {
          "angle": null,
          "end": {
            "x": 146750000,
            "y": 101095000
          },
          "layer": "F.Courtyard",
          "position": {
            "x": 146750000,
            "y": 101715000
          },
          "shape": 0,
          "start": {
            "x": 146750000,
            "y": 101715000
          },
          "text": null,
          "type": "PCB_SHAPE",
          "width": 50000
        },
        {
          "angle": null,
          "end": {
            "x": 146370000,
            "y": 103975000
          },
          "layer": "F.Courtyard",
          "position": {
            "x": 146750000,
            "y": 103975000
          },
          "shape": 0,
          "start": {
            "x": 146750000,
            "y": 103975000
          },
          "text": null,
          "type": "PCB_SHAPE",
          "width": 50000
        },
        {
          "angle": null,
          "end": {
            "x": 146750000,
            "y": 103975000
          },
          "layer": "F.Courtyard",
          "position": {
            "x": 146750000,
            "y": 104595000
          },
          "shape": 0,
          "start": {
            "x": 146750000,
            "y": 104595000
          },
          "text": null,
          "type": "PCB_SHAPE",
          "width": 50000
        },
        {
          "angle": null,
          "end": {
            "x": 0,
            "y": 0
          },
          "layer": "F.Silkscreen",
          "position": {
            "x": 146890000,
            "y": 101235000
          },
          "shape": 4,
          "start": {
            "x": 0,
            "y": 0
          },
          "text": null,
          "type": "PCB_SHAPE",
          "width": 120000
        },
        {
          "angle": null,
          "end": {
            "x": 146890000,
            "y": 101475000
          },
          "layer": "F.Silkscreen",
          "position": {
            "x": 146890000,
            "y": 101710000
          },
          "shape": 0,
          "start": {
            "x": 146890000,
            "y": 101710000
          },
          "text": null,
          "type": "PCB_SHAPE",
          "width": 120000
        },
        {
          "angle": null,
          "end": {
            "x": 146890000,
            "y": 103980000
          },
          "layer": "F.Silkscreen",
          "position": {
            "x": 146890000,
            "y": 104455000
          },
          "shape": 0,
          "start": {
            "x": 146890000,
            "y": 104455000
          },
          "text": null,
          "type": "PCB_SHAPE",
          "width": 120000
        },
        {
          "angle": null,
          "end": {
            "x": 0,
            "y": 0
          },
          "layer": "F.Fab",
          "position": {
            "x": 147000000,
            "y": 102095000
          },
          "shape": 4,
          "start": {
            "x": 0,
            "y": 0
          },
          "text": null,
          "type": "PCB_SHAPE",
          "width": 100000
        },
        {
          "angle": null,
          "end": {
            "x": 147190000,
            "y": 101235000
          },
          "layer": "F.Silkscreen",
          "position": {
            "x": 147365000,
            "y": 101235000
          },
          "shape": 0,
          "start": {
            "x": 147365000,
            "y": 101235000
          },
          "text": null,
          "type": "PCB_SHAPE",
          "width": 120000
        },
        {
          "angle": null,
          "end": {
            "x": 146890000,
            "y": 104455000
          },
          "layer": "F.Silkscreen",
          "position": {
            "x": 147365000,
            "y": 104455000
          },
          "shape": 0,
          "start": {
            "x": 147365000,
            "y": 104455000
          },
          "text": null,
          "type": "PCB_SHAPE",
          "width": 120000
        },
        {
          "angle": null,
          "end": {
            "x": 149630000,
            "y": 100715000
          },
          "layer": "F.Courtyard",
          "position": {
            "x": 147370000,
            "y": 100715000
          },
          "shape": 0,
          "start": {
            "x": 147370000,
            "y": 100715000
          },
          "text": null,
          "type": "PCB_SHAPE",
          "width": 50000
        },
        {
          "angle": null,
          "end": {
            "x": 147370000,
            "y": 100715000
          },
          "layer": "F.Courtyard",
          "position": {
            "x": 147370000,
            "y": 101095000
          },
          "shape": 0,
          "start": {
            "x": 147370000,
            "y": 101095000
          },
          "text": null,
          "type": "PCB_SHAPE",
          "width": 50000
        },
        {
          "angle": null,
          "end": {
            "x": 146750000,
            "y": 104595000
          },
          "layer": "F.Courtyard",
          "position": {
            "x": 147370000,
            "y": 104595000
          },
          "shape": 0,
          "start": {
            "x": 147370000,
            "y": 104595000
          },
          "text": null,
          "type": "PCB_SHAPE",
          "width": 50000
        },
        {
          "angle": null,
          "end": {
            "x": 147370000,
            "y": 104595000
          },
          "layer": "F.Courtyard",
          "position": {
            "x": 147370000,
            "y": 104975000
          },
          "shape": 0,
          "start": {
            "x": 147370000,
            "y": 104975000
          },
          "text": null,
          "type": "PCB_SHAPE",
          "width": 50000
        },
        {
          "angle": null,
          "end": null,
          "layer": "F.Fab",
          "position": {
            "x": 148500000,
            "y": 102845000
          },
          "shape": null,
          "start": null,
          "text": "${REFERENCE}",
          "type": "PCB_TEXT",
          "width": null
        },
        {
          "angle": null,
          "end": {
            "x": 149630000,
            "y": 101095000
          },
          "layer": "F.Courtyard",
          "position": {
            "x": 149630000,
            "y": 100715000
          },
          "shape": 0,
          "start": {
            "x": 149630000,
            "y": 100715000
          },
          "text": null,
          "type": "PCB_SHAPE",
          "width": 50000
        },
        {
          "angle": null,
          "end": {
            "x": 150250000,
            "y": 101095000
          },
          "layer": "F.Courtyard",
          "position": {
            "x": 149630000,
            "y": 101095000
          },
          "shape": 0,
          "start": {
            "x": 149630000,
            "y": 101095000
          },
          "text": null,
          "type": "PCB_SHAPE",
          "width": 50000
        },
        {
          "angle": null,
          "end": {
            "x": 149630000,
            "y": 104975000
          },
          "layer": "F.Courtyard",
          "position": {
            "x": 149630000,
            "y": 104595000
          },
          "shape": 0,
          "start": {
            "x": 149630000,
            "y": 104595000
          },
          "text": null,
          "type": "PCB_SHAPE",
          "width": 50000
        },
        {
          "angle": null,
          "end": {
            "x": 147370000,
            "y": 104975000
          },
          "layer": "F.Courtyard",
          "position": {
            "x": 149630000,
            "y": 104975000
          },
          "shape": 0,
          "start": {
            "x": 149630000,
            "y": 104975000
          },
          "text": null,
          "type": "PCB_SHAPE",
          "width": 50000
        },
        {
          "angle": null,
          "end": {
            "x": 150110000,
            "y": 101235000
          },
          "layer": "F.Silkscreen",
          "position": {
            "x": 149635000,
            "y": 101235000
          },
          "shape": 0,
          "start": {
            "x": 149635000,
            "y": 101235000
          },
          "text": null,
          "type": "PCB_SHAPE",
          "width": 120000
        },
        {
          "angle": null,
          "end": {
            "x": 150110000,
            "y": 104455000
          },
          "layer": "F.Silkscreen",
          "position": {
            "x": 149635000,
            "y": 104455000
          },
          "shape": 0,
          "start": {
            "x": 149635000,
            "y": 104455000
          },
          "text": null,
          "type": "PCB_SHAPE",
          "width": 120000
        },
        {
          "angle": null,
          "end": {
            "x": 150110000,
            "y": 101710000
          },
          "layer": "F.Silkscreen",
          "position": {
            "x": 150110000,
            "y": 101235000
          },
          "shape": 0,
          "start": {
            "x": 150110000,
            "y": 101235000
          },
          "text": null,
          "type": "PCB_SHAPE",
          "width": 120000
        },
        {
          "angle": null,
          "end": {
            "x": 150110000,
            "y": 103980000
          },
          "layer": "F.Silkscreen",
          "position": {
            "x": 150110000,
            "y": 104455000
          },
          "shape": 0,
          "start": {
            "x": 150110000,
            "y": 104455000
          },
          "text": null,
          "type": "PCB_SHAPE",
          "width": 120000
        },
        {
          "angle": null,
          "end": {
            "x": 150250000,
            "y": 101715000
          },
          "layer": "F.Courtyard",
          "position": {
            "x": 150250000,
            "y": 101095000
          },
          "shape": 0,
          "start": {
            "x": 150250000,
            "y": 101095000
          },
          "text": null,
          "type": "PCB_SHAPE",
          "width": 50000
        },
        {
          "angle": null,
          "end": {
            "x": 150630000,
            "y": 101715000
          },
          "layer": "F.Courtyard",
          "position": {
            "x": 150250000,
            "y": 101715000
          },
          "shape": 0,
          "start": {
            "x": 150250000,
            "y": 101715000
          },
          "text": null,
          "type": "PCB_SHAPE",
          "width": 50000
        },
        {
          "angle": null,
          "end": {
            "x": 150250000,
            "y": 104595000
          },
          "layer": "F.Courtyard",
          "position": {
            "x": 150250000,
            "y": 103975000
          },
          "shape": 0,
          "start": {
            "x": 150250000,
            "y": 103975000
          },
          "text": null,
          "type": "PCB_SHAPE",
          "width": 50000
        },
        {
          "angle": null,
          "end": {
            "x": 149630000,
            "y": 104595000
          },
          "layer": "F.Courtyard",
          "position": {
            "x": 150250000,
            "y": 104595000
          },
          "shape": 0,
          "start": {
            "x": 150250000,
            "y": 104595000
          },
          "text": null,
          "type": "PCB_SHAPE",
          "width": 50000
        },
        {
          "angle": null,
          "end": {
            "x": 150630000,
            "y": 103975000
          },
          "layer": "F.Courtyard",
          "position": {
            "x": 150630000,
            "y": 101715000
          },
          "shape": 0,
          "start": {
            "x": 150630000,
            "y": 101715000
          },
          "text": null,
          "type": "PCB_SHAPE",
          "width": 50000
        },
        {
          "angle": null,
          "end": {
            "x": 150250000,
            "y": 103975000
          },
          "layer": "F.Courtyard",
          "position": {
            "x": 150630000,
            "y": 103975000
          },
          "shape": 0,
          "start": {
            "x": 150630000,
            "y": 103975000
          },
          "text": null,
          "type": "PCB_SHAPE",
          "width": 50000
        }
      ],
      "group": null,
      "layer": "F.Cu",
      "locked": false,
      "orientation": 0.0,
      "pads": [
        {
          "layer": "F.Cu",
          "name": "",
          "position": {
            "x": 148075000,
            "y": 102420000
          }
        },
        {
          "layer": "F.Cu",
          "name": "",
          "position": {
            "x": 148075000,
            "y": 103270000
          }
        },
        {
          "layer": "F.Cu",
          "name": "",
          "position": {
            "x": 148925000,
            "y": 102420000
          }
        },
        {
          "layer": "F.Cu",
          "name": "",
          "position": {
            "x": 148925000,
            "y": 103270000
          }
        },
        {
          "layer": "F.Cu",
          "name": "1",
          "position": {
            "x": 147037500,
            "y": 102095000
          }
        },
        {
          "layer": "F.Cu",
          "name": "2",
          "position": {
            "x": 147037500,
            "y": 102595000
          }
        },
        {
          "layer": "F.Cu",
          "name": "3",
          "position": {
            "x": 147037500,
            "y": 103095000
          }
        },
        {
          "layer": "F.Cu",
          "name": "4",
          "position": {
            "x": 147037500,
            "y": 103595000
          }
        },
        {
          "layer": "F.Cu",
          "name": "5",
          "position": {
            "x": 147750000,
            "y": 104307500
          }
        },
        {
          "layer": "F.Cu",
          "name": "6",
          "position": {
            "x": 148250000,
            "y": 104307500
          }
        },
        {
          "layer": "F.Cu",
          "name": "7",
          "position": {
            "x": 148750000,
            "y": 104307500
          }
        },
        {
          "layer": "F.Cu",
          "name": "8",
          "position": {
            "x": 149250000,
            "y": 104307500
          }
        },
        {
          "layer": "F.Cu",
          "name": "9",
          "position": {
            "x": 149962500,
            "y": 103595000
          }
        },
        {
          "layer": "F.Cu",
          "name": "10",
          "position": {
            "x": 149962500,
            "y": 103095000
          }
        },
        {
          "layer": "F.Cu",
          "name": "11",
          "position": {
            "x": 149962500,
            "y": 102595000
          }
        },
        {
          "layer": "F.Cu",
          "name": "12",
          "position": {
            "x": 149962500,
            "y": 102095000
          }
        },
        {
          "layer": "F.Cu",
          "name": "13",
          "position": {
            "x": 149250000,
            "y": 101382500
          }
        },
        {
          "layer": "F.Cu",
          "name": "14",
          "position": {
            "x": 148750000,
            "y": 101382500
          }
        },
        {
          "layer": "F.Cu",
          "name": "15",
          "position": {
            "x": 148250000,
            "y": 101382500
          }
        },
        {
          "layer": "F.Cu",
          "name": "16",
          "position": {
            "x": 147750000,
            "y": 101382500
          }
        },
        {
          "layer": "F.Cu",
          "name": "17",
          "position": {
            "x": 147900000,
            "y": 102245000
          }
        },
        {
          "layer": "F.Cu",
          "name": "17",
          "position": {
            "x": 147900000,
            "y": 103445000
          }
        },
        {
          "layer": "F.Cu",
          "name": "17",
          "position": {
            "x": 148500000,
            "y": 102845000
          }
        },
        {
          "layer": "F.Cu",
          "name": "17",
          "position": {
            "x": 148500000,
            "y": 102845000
          }
        },
        {
          "layer": "F.Cu",
          "name": "17",
          "position": {
            "x": 149100000,
            "y": 102245000
          }
        },
        {
          "layer": "F.Cu",
          "name": "17",
          "position": {
            "x": 149100000,
            "y": 103445000
          }
        }
      ],
      "position": {
        "x": 148500000,
        "y": 102845000
      },
      "reference": "U2",
      "uuid": "25e636dc-06eb-59a5-9b6d-1f30f6215dc3",
      "value": "?"
    },
    {
      "dnp": false,
      "footprint": "Package_DFN_QFN:QFN-16-1EP_3x3mm_P0.5mm_EP1.7x1.7mm_ThermalVias",
      "graphical_items": [
        {
          "angle": null,
          "end": {
            "x": 146750000,
            "y": 106025000
          },
          "layer": "F.Courtyard",
          "position": {
            "x": 146370000,
            "y": 106025000
          },
          "shape": 0,
          "start": {
            "x": 146370000,
            "y": 106025000
          },
          "text": null,
          "type": "PCB_SHAPE",
          "width": 50000
        },
        {
          "angle": null,
          "end": {
            "x": 146370000,
            "y": 106025000
          },
          "layer": "F.Courtyard",
          "position": {
            "x": 146370000,
            "y": 108285000
          },
          "shape": 0,
          "start": {
            "x": 146370000,
            "y": 108285000
          },
          "text": null,
          "type": "PCB_SHAPE",
          "width": 50000
        },
        {
          "angle": null,
          "end": {
            "x": 147370000,
            "y": 105405000
          },
          "layer": "F.Courtyard",
          "position": {
            "x": 146750000,
            "y": 105405000
          },
          "shape": 0,
          "start": {
            "x": 146750000,
            "y": 105405000
          },
          "text": null,
          "type": "PCB_SHAPE",
          "width": 50000
        },
        {
          "angle": null,
          "end": {
            "x": 146750000,
            "y": 105405000
          },
          "layer": "F.Courtyard",
          "position": {
            "x": 146750000,
            "y": 106025000
          },
          "shape": 0,
          "start": {
            "x": 146750000,
            "y": 106025000
          },
          "text": null,
          "type": "PCB_SHAPE",
          "width": 50000
        },
        {
          "angle": null,
          "end": {
            "x": 146370000,
            "y": 108285000
          },
          "layer": "F.Courtyard",
          "position": {
            "x": 146750000,
            "y": 108285000
          },
          "shape": 0,
          "start": {
            "x": 146750000,
            "y": 108285000
          },
          "text": null,
          "type": "PCB_SHAPE",
          "width": 50000
        },
        {
          "angle": null,
          "end": {
            "x": 146750000,
            "y": 108285000
          },
          "layer": "F.Courtyard",
          "position": {
            "x": 146750000,
            "y": 108905000
          },
          "shape": 0,
          "start": {
            "x": 146750000,
            "y": 108905000
          },
          "text": null,
          "type": "PCB_SHAPE",
          "width": 50000
        },
        {
          "angle": null,
          "end": {
            "x": 0,
            "y": 0
          },
          "layer": "F.Silkscreen",
          "position": {
            "x": 146890000,
            "y": 105545000
          },
          "shape": 4,
          "start": {
            "x": 0,
            "y": 0
          },
          "text": null,
          "type": "PCB_SHAPE",
          "width": 120000
        },
        {
          "angle": null,
          "end": {
            "x": 146890000,
            "y": 105785000
          },
          "layer": "F.Silkscreen",
          "position": {
            "x": 146890000,
            "y": 106020000
          },
          "shape": 0,
          "start": {
            "x": 146890000,
            "y": 106020000
          },
          "text": null,
          "type": "PCB_SHAPE",
          "width": 120000
        },
        {
          "angle": null,
          "end": {
            "x": 146890000,
            "y": 108290000
          },
          "layer": "F.Silkscreen",
          "position": {
            "x": 146890000,
            "y": 108765000
          },
          "shape": 0,
          "start": {
            "x": 146890000,
            "y": 108765000
          },
          "text": null,
          "type": "PCB_SHAPE",
          "width": 120000
        },
        {
          "angle": null,
          "end": {
            "x": 0,
            "y": 0
          },
          "layer": "F.Fab",
          "position": {
            "x": 147000000,
            "y": 106405000
          },
          "shape": 4,
          "start": {
            "x": 0,
            "y": 0
          },
          "text": null,
          "type": "PCB_SHAPE",
          "width": 100000
        },
        {
          "angle": null,
          "end": {
            "x": 147190000,
            "y": 105545000
          },
          "layer": "F.Silkscreen",
          "position": {
            "x": 147365000,
            "y": 105545000
          },
          "shape": 0,
          "start": {
            "x": 147365000,
            "y": 105545000
          },
          "text": null,
          "type": "PCB_SHAPE",
          "width": 120000
        },
        {
          "angle": null,
          "end": {
            "x": 146890000,
            "y": 108765000
          },
          "layer": "F.Silkscreen",
          "position": {
            "x": 147365000,
            "y": 108765000
          },
          "shape": 0,
          "start": {
            "x": 147365000,
            "y": 108765000
          },
          "text": null,
          "type": "PCB_SHAPE",
          "width": 120000
        },
        {
          "angle": null,
          "end": {
            "x": 149630000,
            "y": 105025000
          },
          "layer": "F.Courtyard",
          "position": {
            "x": 147370000,
            "y": 105025000
          },
          "shape": 0,
          "start": {
            "x": 147370000,
            "y": 105025000
          },
          "text": null,
          "type": "PCB_SHAPE",
          "width": 50000
        },
        {
          "angle": null,
          "end": {
            "x": 147370000,
            "y": 105025000
          },
          "layer": "F.Courtyard",
          "position": {
            "x": 147370000,
            "y": 105405000
          },
          "shape": 0,
          "start": {
            "x": 147370000,
            "y": 105405000
          },
          "text": null,
          "type": "PCB_SHAPE",
          "width": 50000
        },
        {
          "angle": null,
          "end": {
            "x": 146750000,
            "y": 108905000
          },
          "layer": "F.Courtyard",
          "position": {
            "x": 147370000,
            "y": 108905000
          },
          "shape": 0,
          "start": {
            "x": 147370000,
            "y": 108905000
          },
          "text": null,
          "type": "PCB_SHAPE",
          "width": 50000
        },
        {
          "angle": null,
          "end": {
            "x": 147370000,
            "y": 108905000
          },
          "layer": "F.Courtyard",
          "position": {
            "x": 147370000,
            "y": 109285000
          },
          "shape": 0,
          "start": {
            "x": 147370000,
            "y": 109285000
          },
          "text": null,
          "type": "PCB_SHAPE",
          "width": 50000
        },
        {
          "angle": null,
          "end": null,
          "layer": "F.Fab",
          "position": {
            "x": 148500000,
            "y": 107155000
          },
          "shape": null,
          "start": null,
          "text": "${REFERENCE}",
          "type": "PCB_TEXT",
          "width": null
        },
        {
          "angle": null,
          "end": {
            "x": 149630000,
            "y": 105405000
          },
          "layer": "F.Courtyard",
          "position": {
            "x": 149630000,
            "y": 105025000
          },
          "shape": 0,
          "start": {
            "x": 149630000,
            "y": 105025000
          },
          "text": null,
          "type": "PCB_SHAPE",
          "width": 50000
        },
        {
          "angle": null,
          "end": {
            "x": 150250000,
            "y": 105405000
          },
          "layer": "F.Courtyard",
          "position": {
            "x": 149630000,
            "y": 105405000
          },
          "shape": 0,
          "start": {
            "x": 149630000,
            "y": 105405000
          },
          "text": null,
          "type": "PCB_SHAPE",
          "width": 50000
        },
        {
          "angle": null,
          "end": {
            "x": 149630000,
            "y": 109285000
          },
          "layer": "F.Courtyard",
          "position": {
            "x": 149630000,
            "y": 108905000
          },
          "shape": 0,
          "start": {
            "x": 149630000,
            "y": 108905000
          },
          "text": null,
          "type": "PCB_SHAPE",
          "width": 50000
        },
        {
          "angle": null,
          "end": {
            "x": 147370000,
            "y": 109285000
          },
          "layer": "F.Courtyard",
          "position": {
            "x": 149630000,
            "y": 109285000
          },
          "shape": 0,
          "start": {
            "x": 149630000,
            "y": 109285000
          },
          "text": null,
          "type": "PCB_SHAPE",
          "width": 50000
        },
        {
          "angle": null,
          "end": {
            "x": 150110000,
            "y": 105545000
          },
          "layer": "F.Silkscreen",
          "position": {
            "x": 149635000,
            "y": 105545000
          },
          "shape": 0,
          "start": {
            "x": 149635000,
            "y": 105545000
          },
          "text": null,
          "type": "PCB_SHAPE",
          "width": 120000
        },
        {
          "angle": null,
          "end": {
            "x": 150110000,
            "y": 108765000
          },
          "layer": "F.Silkscreen",
          "position": {
            "x": 149635000,
            "y": 108765000
          },
          "shape": 0,
          "start": {
            "x": 149635000,
            "y": 108765000
          },
          "text": null,
          "type": "PCB_SHAPE",
          "width": 120000
        },
        {
          "angle": null,
          "end": {
            "x": 150110000,
            "y": 106020000
          },
          "layer": "F.Silkscreen",
          "position": {
            "x": 150110000,
            "y": 105545000
          },
          "shape": 0,
          "start": {
            "x": 150110000,
            "y": 105545000
          },
          "text": null,
          "type": "PCB_SHAPE",
          "width": 120000
        },
        {
          "angle": null,
          "end": {
            "x": 150110000,
            "y": 108290000
          },
          "layer": "F.Silkscreen",
          "position": {
            "x": 150110000,
            "y": 108765000
          },
          "shape": 0,
          "start": {
            "x": 150110000,
            "y": 108765000
          },
          "text": null,
          "type": "PCB_SHAPE",
          "width": 120000
        },
        {
          "angle": null,
          "end": {
            "x": 150250000,
            "y": 106025000
          },
          "layer": "F.Courtyard",
          "position": {
            "x": 150250000,
            "y": 105405000
          },
          "shape": 0,
          "start": {
            "x": 150250000,
            "y": 105405000
          },
          "text": null,
          "type": "PCB_SHAPE",
          "width": 50000
        },
        {
          "angle": null,
          "end": {
            "x": 150630000,
            "y": 106025000
          },
          "layer": "F.Courtyard",
          "position": {
            "x": 150250000,
            "y": 106025000
          },
          "shape": 0,
          "start": {
            "x": 150250000,
            "y": 106025000
          },
          "text": null,
          "type": "PCB_SHAPE",
          "width": 50000
        },
        {
          "angle": null,
          "end": {
            "x": 150250000,
            "y": 108905000
          },
          "layer": "F.Courtyard",
          "position": {
            "x": 150250000,
            "y": 108285000
          },
          "shape": 0,
          "start": {
            "x": 150250000,
            "y": 108285000
          },
          "text": null,
          "type": "PCB_SHAPE",
          "width": 50000
        },
        {
          "angle": null,
          "end": {
            "x": 149630000,
            "y": 108905000
          },
          "layer": "F.Courtyard",
          "position": {
            "x": 150250000,
            "y": 108905000
          },
          "shape": 0,
          "start": {
            "x": 150250000,
            "y": 108905000
          },
          "text": null,
          "type": "PCB_SHAPE",
          "width": 50000
        },
        {
          "angle": null,
          "end": {
            "x": 150630000,
            "y": 108285000
          },
          "layer": "F.Courtyard",
          "position": {
            "x": 150630000,
            "y": 106025000
          },
          "shape": 0,
          "start": {
            "x": 150630000,
            "y": 106025000
          },
          "text": null,
          "type": "PCB_SHAPE",
          "width": 50000
        },
        {
          "angle": null,
          "end": {
            "x": 150250000,
            "y": 108285000
          },
          "layer": "F.Courtyard",
          "position": {
            "x": 150630000,
            "y": 108285000
          },
          "shape": 0,
          "start": {
            "x": 150630000,
            "y": 108285000
          },
          "text": null,
          "type": "PCB_SHAPE",
          "width": 50000
        }
      ],
      "group": null,
      "layer": "F.Cu",
      "locked": false,
      "orientation": 0.0,
      "pads": [
        {
          "layer": "F.Cu",
          "name": "",
          "position": {
            "x": 148075000,
            "y": 106730000
          }
        },
        {
          "layer": "F.Cu",
          "name": "",
          "position": {
            "x": 148075000,
            "y": 107580000
          }
        },
        {
          "layer": "F.Cu",
          "name": "",
          "position": {
            "x": 148925000,
            "y": 106730000
          }
        },
        {
          "layer": "F.Cu",
          "name": "",
          "position": {
            "x": 148925000,
            "y": 107580000
          }
        },
        {
          "layer": "F.Cu",
          "name": "1",
          "position": {
            "x": 147037500,
            "y": 106405000
          }
        },
        {
          "layer": "F.Cu",
          "name": "2",
          "position": {
            "x": 147037500,
            "y": 106905000
          }
        },
        {
          "layer": "F.Cu",
          "name": "3",
          "position": {
            "x": 147037500,
            "y": 107405000
          }
        },
        {
          "layer": "F.Cu",
          "name": "4",
          "position": {
            "x": 147037500,
            "y": 107905000
          }
        },
        {
          "layer": "F.Cu",
          "name": "5",
          "position": {
            "x": 147750000,
            "y": 108617500
          }
        },
        {
          "layer": "F.Cu",
          "name": "6",
          "position": {
            "x": 148250000,
            "y": 108617500
          }
        },
        {
          "layer": "F.Cu",
          "name": "7",
          "position": {
            "x": 148750000,
            "y": 108617500
          }
        },
        {
          "layer": "F.Cu",
          "name": "8",
          "position": {
            "x": 149250000,
            "y": 108617500
          }
        },
        {
          "layer": "F.Cu",
          "name": "9",
          "position": {
            "x": 149962500,
            "y": 107905000
          }
        },
        {
          "layer": "F.Cu",
          "name": "10",
          "position": {
            "x": 149962500,
            "y": 107405000
          }
        },
        {
          "layer": "F.Cu",
          "name": "11",
          "position": {
            "x": 149962500,
            "y": 106905000
          }
        },
        {
          "layer": "F.Cu",
          "name": "12",
          "position": {
            "x": 149962500,
            "y": 106405000
          }
        },
        {
          "layer": "F.Cu",
          "name": "13",
          "position": {
            "x": 149250000,
            "y": 105692500
          }
        },
        {
          "layer": "F.Cu",
          "name": "14",
          "position": {
            "x": 148750000,
            "y": 105692500
          }
        },
        {
          "layer": "F.Cu",
          "name": "15",
          "position": {
            "x": 148250000,
            "y": 105692500
          }
        },
        {
          "layer": "F.Cu",
          "name": "16",
          "position": {
            "x": 147750000,
            "y": 105692500
          }
        },
        {
          "layer": "F.Cu",
          "name": "17",
          "position": {
            "x": 147900000,
            "y": 106555000
          }
        },
        {
          "layer": "F.Cu",
          "name": "17",
          "position": {
            "x": 147900000,
            "y": 107755000
          }
        },
        {
          "layer": "F.Cu",
          "name": "17",
          "position": {
            "x": 148500000,
            "y": 107155000
          }
        },
        {
          "layer": "F.Cu",
          "name": "17",
          "position": {
            "x": 148500000,
            "y": 107155000
          }
        },
        {
          "layer": "F.Cu",
          "name": "17",
          "position": {
            "x": 149100000,
            "y": 106555000
          }
        },
        {
          "layer": "F.Cu",
          "name": "17",
          "position": {
            "x": 149100000,
            "y": 107755000
          }
        }
      ],
      "position": {
        "x": 148500000,
        "y": 107155000
      },
      "reference": "U1",
      "uuid": "d0ec08b3-b130-52fb-8d2e-9202eae44333",
      "value": "?"
    }
  ],
  "groups": [],
  "zones": []
}
