---
source: crates/pcb-zen/tests/enum_conversion.rs
expression: netlist
---
(export (version "E")
  (design
    (source "unknown")
    (date "")
    (tool "pcb"))
  (components
    (comp (ref "U1")
      (value "?")
      (footprint "TEST:0402")
      (libsource (lib "lib") (part "?") (description "unknown"))
      (sheetpath (names "child.comp0") (tstamps "1210f117-19c9-578c-bf69-b70ae9bad0e5"))
      (tstamps "1210f117-19c9-578c-bf69-b70ae9bad0e5")
      (property (name "Reference") (value "U1"))
    )
  )
  (libparts
    (libpart (lib "lib") (part "?")
      (description "")
      (docs "~")
      (footprints
        (fp "*"))
      (pins
        (pin (num "1") (name "V") (type "stereo"))
      )
    )
  )
  (nets
    (net (code "1") (name "VCC")
      (node (ref "U1") (pin "1") (pintype "stereo"))
    )
  )
)
