---
source: crates/pcb-zen/tests/input.rs
expression: netlist
---
(export (version "E")
  (design
    (source "unknown")
    (date "")
    (tool "pcb"))
  (components
  )
  (libparts
  )
  (nets
  )
)
Error: [TEMP_DIR]top.zen:4:1-7:2 Error instantiating `my_sub`
Error: [TEMP_DIR]my_sub.zen:3:7-21 Input 'pwr' is required but was not provided and no default value was given
