---
source: crates/pcb-zen/tests/input.rs
expression: netlist
---
(export (version "E")
  (design
    (source "unknown")
    (date "")
    (tool "pcb"))
  (components
  )
  (libparts
  )
  (nets
  )
)
Error: [TEMP_DIR]parent.zen:8:1-36 Error instantiating `child`
Error: [TEMP_DIR]child.zen:2:10-27 Type mismatch: expected Net, received Interface
