---
source: crates/pcb-zen/tests/interface_templates_snapshot.rs
expression: netlist
---
(export (version "E")
  (design
    (source "unknown")
    (date "")
    (tool "pcb"))
  (components
    (comp (ref "U1")
      (value "resistor")
      (footprint "SMD:0805")
      (libsource (lib "lib") (part "resistor") (description "unknown"))
      (sheetpath (names "R1") (tstamps "993684ed-29bc-53ba-bc0d-39d7d84da9bd"))
      (tstamps "993684ed-29bc-53ba-bc0d-39d7d84da9bd")
      (property (name "Reference") (value "U1"))
    )
  )
  (libparts
    (libpart (lib "lib") (part "?")
      (description "")
      (docs "~")
      (footprints
        (fp "*"))
      (pins
        (pin (num "1") (name "1") (type "stereo"))
        (pin (num "2") (name "2") (type "stereo"))
      )
    )
  )
  (nets
    (net (code "1") (name "GND")
      (node (ref "U1") (pin "2") (pintype "stereo"))
    )
    (net (code "2") (name "PREFIX_MYTEST")
      (node (ref "U1") (pin "1") (pintype "stereo"))
    )
  )
)
