---
source: crates/pcb-zen/tests/load_diagnostics.rs
expression: netlist
---
Error: [TEMP_DIR]test.zen:3:6-20 Error loading module `./level1.zen`
Error: [TEMP_DIR]level1.zen:3:6-20 Error loading module `./level2.zen`
Error: [TEMP_DIR]level2.zen:3:6-20 Error loading module `./level3.zen`
Error: [TEMP_DIR]level3.zen:3:1-19 Variable `undefined_variable` not found
