---
source: crates/pcb-zen/tests/test.rs
expression: netlist
---
(export (version "E")
  (design
    (source "unknown")
    (date "")
    (tool "pcb"))
  (components
    (comp (ref "U1")
      (value "?")
      (footprint "SMD:0805")
      (libsource (lib "lib") (part "?") (description "unknown"))
      (sheetpath (names "MyModule1.Component") (tstamps "634986a9-509e-5464-b539-8450f6429931"))
      (tstamps "634986a9-509e-5464-b539-8450f6429931")
      (property (name "Reference") (value "U1"))
    )
    (comp (ref "U2")
      (value "?")
      (footprint "SMD:0805")
      (libsource (lib "lib") (part "?") (description "unknown"))
      (sheetpath (names "MyModule2.Component") (tstamps "49d7b781-9d5f-5d3f-9170-df886b275b2f"))
      (tstamps "49d7b781-9d5f-5d3f-9170-df886b275b2f")
      (property (name "Reference") (value "U2"))
    )
    (comp (ref "U3")
      (value "?")
      (footprint "SMD:0805")
      (libsource (lib "lib") (part "?") (description "unknown"))
      (sheetpath (names "MyModule3.Component") (tstamps "38812e2a-4ee1-57b0-9eb7-e9d1dcd3bf43"))
      (tstamps "38812e2a-4ee1-57b0-9eb7-e9d1dcd3bf43")
      (property (name "Reference") (value "U3"))
    )
  )
  (libparts
    (libpart (lib "lib") (part "?")
      (description "")
      (docs "~")
      (footprints
        (fp "*"))
      (pins
        (pin (num "1") (name "P1") (type "stereo"))
      )
    )
  )
  (nets
    (net (code "1") (name "MyModule1.INTERNAL")
      (node (ref "U1") (pin "1") (pintype "stereo"))
    )
    (net (code "2") (name "MyModule2.INTERNAL")
      (node (ref "U2") (pin "1") (pintype "stereo"))
    )
    (net (code "3") (name "MyModule3.INTERNAL")
      (node (ref "U3") (pin "1") (pintype "stereo"))
    )
  )
)
